// Jest Snapshot v1, https://goo.gl/fbAQLP

exports[`todoSelector 1`] = `
Array [
  Object {
    "key": "one",
    "val": "go to store",
  },
  Object {
    "key": "two",
    "val": "setup jest",
  },
]
`;
